[INFO] Using device from YAML: cuda:0

--- Configuration ---
experiment_name: badnetss_none_gtsrb_decentralized
flow: decentralized
dataset: gtsrb
num_clients: 10
num_parallel_clients: 10
num_rounds: 1
local_epochs: 1
iid: dirichlet
dirichlet_alpha: 0.5
batch_size: 32
test_batch_size: 256
lr: 0.01
seed: 42
mix_ratio: 0.5
attack: badnetss
num_malicious: 3
malicious_strategy: random
target_class: 7
poisoning_rate: 0.25
attack_start_round: 1
attack_end_round: 50
attack_mode: continuous
attack_type: biased_mix
biased_mix_ratio: 0.9
scale: 2.0
stealth_after: 40
stealth_ratio: 0.9
scale_factor: 3.0
malicious_epochs: 10
mask_k_percent: 0.05
trigger_epochs: 10
trigger_lr: 0.01
defense: none
clipping_norm: 4.0
dp_std_dev: 0.025
deepsight_num_samples: 256
deepsight_num_seeds: 3
deepsight_batch_size: 64
deepsight_tau: 0.5
flame_lambda: 0.0001
flame_eta: 1.0
krum_f: 1
krum_m: 3
trim_b: 2
balance_gamma: 0.5
balance_kappa: 1.0
balance_variant: exp_decay
balance_weighted: False
abalance_gamma: 0.1
abalance_tau: 1.0
ubar_rho: 0.45
ubar_weighted: False
ubar_fallback: best
spp_fraction: 0.5
spp_fixed_count: None
spp_metric: cosine
spp_combined_weights: None
spp_threshold: 0.9
spp_seed: 1234
mmad_p: 0.5
mmad_whiten: True
mmad_min_clients: 4
mmad_eps: 1e-6
mmad_metrics: ['manhattan', 'euclidean', 'cosine']
dfldual_alpha: 1.0
dfldual_C1: 1e6
dfldual_C2: 10
topology: {'mode': 'single', 'single': {'name': 'random_regular', 'type': 'random_regular', 'n': 20, 'k': 7, 'seed': 42, 'params': {'p': 0.08, 'beta': 0.1, 'force_k_even': True, 'm': 3, 'use_networkx_random_regular': False, 'custom_path': None}, 'ensure_connected': True, 'max_additional_edge_attempts': 5000, 'save_graph_as': 'adj', 'compute_metrics': True, 'metrics_to_compute': ['algebraic_connectivity', 'diameter', 'avg_shortest_path_length', 'average_clustering'], 'spectral_gap': {'target': None, 'approx_search': False, 'param_bounds': [0.0, 1.0], 'samples': 30, 'tries_per_sample': 3, 'stop_if_within': 0.01}, 'instances': 1, 'annotate_instance_id': True}, 'sweep': [{'name': 'ws_beta_sweep', 'type': 'watts_strogatz', 'n': 10, 'k': 6, 'seed': 0, 'params': {'beta': None}, 'sweep_over': {'param': 'beta', 'values': [0.0, 0.01, 0.05, 0.1, 0.2, 0.4]}, 'instances_per_value': 5, 'compute_metrics': True}, {'name': 'er_p_sweep', 'type': 'erdos_renyi', 'n': 10, 'k': 6, 'seed': 1, 'params': {'p': None}, 'sweep_over': {'param': 'p', 'values': [0.02, 0.04, 0.06, 0.08, 0.12]}, 'instances_per_value': 10, 'compute_metrics': True}], 'defaults': {'ensure_connected': True, 'compute_metrics': True, 'instances': 1}}
device: cuda:0
---------------------

[prepare_environment] 📊 Client Data Distribution Summary
  Total samples: 26640
  Clients: 10  |  Avg per client: 2664.00
  Min: 1976, Max: 3455
  Per-client sample counts:
    Client 00:  1976 samples ( 7.42%)
    Client 01:  2584 samples ( 9.70%)
    Client 02:  2919 samples (10.96%)
    Client 03:  2745 samples (10.30%)
    Client 04:  2838 samples (10.65%)
    Client 05:  2474 samples ( 9.29%)
    Client 06:  2454 samples ( 9.21%)
    Client 07:  2845 samples (10.68%)
    Client 08:  3455 samples (12.97%)
    Client 09:  2350 samples ( 8.82%)
------------------------------------------------------------
  Standard deviation across clients: 397.05

[build_clients] malicious_strategy=random, seed=42, malicious_ids=[1, 0, 4]
BackdoorDataset: slow label extraction for eligibility check.
BackdoorDataset 12180--> 12180: 1.0
Caching complete.
[Topology] Overriding num_clients 20 → 10
Topology generated (random_regular, n=10, k=7, seed=42, params={'p': 0.08, 'beta': 0.1, 'force_k_even': True, 'm': 3, 'use_networkx_random_regular': False, 'custom_path': None, 'spectral_gap': {'target': None, 'approx_search': False, 'param_bounds': [0.0, 1.0], 'samples': 30, 'tries_per_sample': 3, 'stop_if_within': 0.01}, 'ensure_connected': True, 'max_additional_edge_attempts': 5000, 'instance_id': 0}):
Topology (first 8 nodes): {0: [1, 2, 3, 4, 5, 6, 9], 1: [0, 2, 3, 5, 6, 7, 8], 2: [0, 1, 5, 6, 7, 8, 9], 3: [0, 1, 4, 6, 7, 8, 9], 4: [0, 3, 5, 6, 7, 8, 9], 5: [0, 1, 2, 4, 6, 7, 8], 6: [0, 1, 2, 3, 4, 5, 9], 7: [1, 2, 3, 4, 5, 8, 9]}

--- Decentralized Round 1/1 | device cuda:0 ---
[CLIENT 0] Started aggregation…
[CLIENT 1] Started aggregation…
[CLIENT 2] Started aggregation…
[CLIENT 3] Started aggregation…
[CLIENT 4] Started aggregation…
[CLIENT 5] Started aggregation…
[CLIENT 6] Started aggregation…
[CLIENT 7] Started aggregation…
[CLIENT 8] Started aggregation…
[CLIENT 9] Started aggregation…
ROUND 1 CLIENT 0: ACC = 0.0612, ASR = 0.0000
ROUND 1 CLIENT 1: ACC = 0.0678, ASR = 0.2600
ROUND 1 CLIENT 2: ACC = 0.1124, ASR = 0.0000
ROUND 1 CLIENT 3: ACC = 0.1416, ASR = 0.0000
ROUND 1 CLIENT 4: ACC = 0.1443, ASR = 0.0000
ROUND 1 CLIENT 5: ACC = 0.0857, ASR = 0.0000
ROUND 1 CLIENT 6: ACC = 0.0899, ASR = 0.0000
ROUND 1 CLIENT 7: ACC = 0.1145, ASR = 0.0000
ROUND 1 CLIENT 8: ACC = 0.1576, ASR = 0.0000
ROUND 1 CLIENT 9: ACC = 0.0764, ASR = 0.0000
Round 1: Avg ACC = 0.1052, Min ACC = 0.0612, Max ASR = 0.2600, Attack Active: 1, Time: 40.59s

--- Training Finished ---
