[INFO] Using device from YAML: cuda:0

--- Configuration ---
experiment_name: neurotoxin_none_gtsrb_decentralized
flow: decentralized
dataset: gtsrb
num_clients: 10
num_parallel_clients: 10
num_rounds: 4
local_epochs: 1
iid: dirichlet
dirichlet_alpha: 0.5
batch_size: 32
test_batch_size: 256
lr: 0.01
seed: 42
mix_ratio: 0.5
attack: neurotoxin
num_malicious: 3
malicious_strategy: random
target_class: 7
poisoning_rate: 0.25
attack_start_round: 1
attack_end_round: 50
attack_mode: continuous
attack_type: biased_mix
biased_mix_ratio: 0.9
scale: 2.0
stealth_after: 40
stealth_ratio: 0.9
scale_factor: 3.0
malicious_epochs: 10
mask_k_percent: 0.05
trigger_epochs: 10
trigger_lr: 0.01
defense: none
clipping_norm: 4.0
dp_std_dev: 0.025
deepsight_num_samples: 256
deepsight_num_seeds: 3
deepsight_batch_size: 64
deepsight_tau: 0.5
flame_lambda: 0.0001
flame_eta: 1.0
krum_f: 1
krum_m: 3
trim_b: 2
balance_gamma: 0.5
balance_kappa: 1.0
balance_variant: exp_decay
balance_weighted: False
abalance_gamma: 0.1
abalance_tau: 1.0
ubar_rho: 0.45
ubar_weighted: False
ubar_fallback: best
spp_fraction: 0.5
spp_fixed_count: None
spp_metric: cosine
spp_combined_weights: None
spp_threshold: 0.9
spp_seed: 1234
mmad_p: 0.5
mmad_whiten: True
mmad_min_clients: 4
mmad_eps: 1e-6
mmad_metrics: ['manhattan', 'euclidean', 'cosine']
dfldual_alpha: 1.0
dfldual_C1: 1e6
dfldual_C2: 10
topology: {'mode': 'single', 'single': {'name': 'random_regular', 'type': 'random_regular', 'n': 20, 'k': 7, 'seed': 42, 'params': {'p': 0.08, 'beta': 0.1, 'force_k_even': True, 'm': 3, 'use_networkx_random_regular': False, 'custom_path': None}, 'ensure_connected': True, 'max_additional_edge_attempts': 5000, 'save_graph_as': 'adj', 'compute_metrics': True, 'metrics_to_compute': ['algebraic_connectivity', 'diameter', 'avg_shortest_path_length', 'average_clustering'], 'spectral_gap': {'target': None, 'approx_search': False, 'param_bounds': [0.0, 1.0], 'samples': 30, 'tries_per_sample': 3, 'stop_if_within': 0.01}, 'instances': 1, 'annotate_instance_id': True}, 'sweep': [{'name': 'ws_beta_sweep', 'type': 'watts_strogatz', 'n': 10, 'k': 6, 'seed': 0, 'params': {'beta': None}, 'sweep_over': {'param': 'beta', 'values': [0.0, 0.01, 0.05, 0.1, 0.2, 0.4]}, 'instances_per_value': 5, 'compute_metrics': True}, {'name': 'er_p_sweep', 'type': 'erdos_renyi', 'n': 10, 'k': 6, 'seed': 1, 'params': {'p': None}, 'sweep_over': {'param': 'p', 'values': [0.02, 0.04, 0.06, 0.08, 0.12]}, 'instances_per_value': 10, 'compute_metrics': True}], 'defaults': {'ensure_connected': True, 'compute_metrics': True, 'instances': 1}}
device: cuda:0
---------------------

[prepare_environment] 📊 Client Data Distribution Summary
  Total samples: 26640
  Clients: 10  |  Avg per client: 2664.00
  Min: 1976, Max: 3455
  Per-client sample counts:
    Client 00:  1976 samples ( 7.42%)
    Client 01:  2584 samples ( 9.70%)
    Client 02:  2919 samples (10.96%)
    Client 03:  2745 samples (10.30%)
    Client 04:  2838 samples (10.65%)
    Client 05:  2474 samples ( 9.29%)
    Client 06:  2454 samples ( 9.21%)
    Client 07:  2845 samples (10.68%)
    Client 08:  3455 samples (12.97%)
    Client 09:  2350 samples ( 8.82%)
------------------------------------------------------------
  Standard deviation across clients: 397.05

[build_clients] malicious_strategy=random, seed=42, malicious_ids=[1, 0, 4]
Attack rounds: {1, 2, 5, 6, 9, 10, 13, 14, 17, 18, 21, 22, 25, 26, 29, 30, 33, 34, 37, 38, 41, 42, 45, 46, 49, 50}
Attack rounds: {1, 2, 5, 6, 9, 10, 13, 14, 17, 18, 21, 22, 25, 26, 29, 30, 33, 34, 37, 38, 41, 42, 45, 46, 49, 50}
Attack rounds: {1, 2, 5, 6, 9, 10, 13, 14, 17, 18, 21, 22, 25, 26, 29, 30, 33, 34, 37, 38, 41, 42, 45, 46, 49, 50}
BackdoorDataset: slow label extraction for eligibility check.
BackdoorDataset 12180--> 12180: 1.0
Caching complete.
[Topology] Overriding num_clients 20 → 10
Topology generated (random_regular, n=10, k=7, seed=42, params={'p': 0.08, 'beta': 0.1, 'force_k_even': True, 'm': 3, 'use_networkx_random_regular': False, 'custom_path': None, 'spectral_gap': {'target': None, 'approx_search': False, 'param_bounds': [0.0, 1.0], 'samples': 30, 'tries_per_sample': 3, 'stop_if_within': 0.01}, 'ensure_connected': True, 'max_additional_edge_attempts': 5000, 'instance_id': 0}):
Topology (first 8 nodes): {0: [1, 2, 3, 4, 5, 6, 9], 1: [0, 2, 3, 5, 6, 7, 8], 2: [0, 1, 5, 6, 7, 8, 9], 3: [0, 1, 4, 6, 7, 8, 9], 4: [0, 3, 5, 6, 7, 8, 9], 5: [0, 1, 2, 4, 6, 7, 8], 6: [0, 1, 2, 3, 4, 5, 9], 7: [1, 2, 3, 4, 5, 8, 9]}

--- Neurotoxin Client [4] starting hybrid attack for round 2 ---
Client [4]: importance threshold (top 5.00%) = 4.733564e-01, k=107032
Client [4]: mask built. total_params=2140651, kept(unimportant)=2033619, zeroed(important)=107032
BackdoorDataset: slow label extraction for eligibility check.
BackdoorDataset 2810--> 702: 0.25
Caching complete.
Client [4]: Applying scale factor of 2.00

--- Neurotoxin Client [0] behaving benignly for round 3 ---

--- Neurotoxin Client [0] behaving benignly for round 4 ---

--- Neurotoxin Client [4] starting hybrid attack for round 1 ---
Client [4]: importance threshold (top 5.00%) = 1.000000e+00, k=107032
Client [4]: mask built. total_params=2140651, kept(unimportant)=4084, zeroed(important)=2136567
BackdoorDataset: slow label extraction for eligibility check.
BackdoorDataset 2810--> 702: 0.25
Caching complete.
Client [4]: Applying scale factor of 2.00

--- Neurotoxin Client [0] starting hybrid attack for round 1 ---
Client [0]: importance threshold (top 5.00%) = 1.000000e+00, k=107032
Client [0]: mask built. total_params=2140651, kept(unimportant)=4125, zeroed(important)=2136526
BackdoorDataset: slow label extraction for eligibility check.
BackdoorDataset 1949--> 487: 0.25
Caching complete.
Client [0]: Applying scale factor of 2.00

--- Neurotoxin Client [4] behaving benignly for round 3 ---

--- Neurotoxin Client [4] behaving benignly for round 4 ---

--- Neurotoxin Client [1] behaving benignly for round 3 ---

--- Neurotoxin Client [1] behaving benignly for round 4 ---

--- Neurotoxin Client [1] starting hybrid attack for round 1 ---
Client [1]: importance threshold (top 5.00%) = 1.000000e+00, k=107032
Client [1]: mask built. total_params=2140651, kept(unimportant)=4113, zeroed(important)=2136538
BackdoorDataset: slow label extraction for eligibility check.
BackdoorDataset 2287--> 571: 0.25
Caching complete.
Client [1]: Applying scale factor of 2.00

--- Neurotoxin Client [0] starting hybrid attack for round 2 ---
Client [0]: importance threshold (top 5.00%) = 4.706309e-01, k=107032
Client [0]: mask built. total_params=2140651, kept(unimportant)=2033619, zeroed(important)=107032
BackdoorDataset: slow label extraction for eligibility check.
BackdoorDataset 1949--> 487: 0.25
Caching complete.
Client [0]: Applying scale factor of 2.00

--- Neurotoxin Client [1] starting hybrid attack for round 2 ---
Client [1]: importance threshold (top 5.00%) = 4.739226e-01, k=107032
Client [1]: mask built. total_params=2140651, kept(unimportant)=2033619, zeroed(important)=107032
BackdoorDataset: slow label extraction for eligibility check.
BackdoorDataset 2287--> 571: 0.25
Caching complete.
Client [1]: Applying scale factor of 2.00

--- Decentralized Round 1/4 | device cuda:0 ---
Attacker: 0 strating malicious aggregaion
[Attacker 0] BIASED_MIX: alpha=0.9.
Attacker: 1 strating malicious aggregaion
[Attacker 1] BIASED_MIX: alpha=0.9.
[CLIENT 2] Started aggregation…
[CLIENT 3] Started aggregation…
Attacker: 4 strating malicious aggregaion
[Attacker 4] BIASED_MIX: alpha=0.9.
[CLIENT 5] Started aggregation…
[CLIENT 6] Started aggregation…
[CLIENT 7] Started aggregation…
[CLIENT 8] Started aggregation…
[CLIENT 9] Started aggregation…
ROUND 1 ATTACKER 0: ACC = 0.0356, ASR = 1.0000
ROUND 1 ATTACKER 1: ACC = 0.0356, ASR = 1.0000
ROUND 1 CLIENT 2: ACC = 0.1060, ASR = 0.0000
ROUND 1 CLIENT 3: ACC = 0.1333, ASR = 0.0000
ROUND 1 ATTACKER 4: ACC = 0.0356, ASR = 1.0000
ROUND 1 CLIENT 5: ACC = 0.0764, ASR = 0.0000
ROUND 1 CLIENT 6: ACC = 0.0999, ASR = 0.0000
ROUND 1 CLIENT 7: ACC = 0.1171, ASR = 0.0000
ROUND 1 CLIENT 8: ACC = 0.1571, ASR = 0.0000
ROUND 1 CLIENT 9: ACC = 0.0517, ASR = 0.0000
Round 1: Avg ACC = 0.1059, Min ACC = 0.0517, Max ASR = 0.0000, Attack Active: 1, Time: 61.85s

--- Decentralized Round 2/4 | device cuda:0 ---
Attacker: 0 strating malicious aggregaion
[Attacker 0] BIASED_MIX: alpha=0.9.
Attacker: 1 strating malicious aggregaion
[Attacker 1] BIASED_MIX: alpha=0.9.
[CLIENT 2] Started aggregation…
[CLIENT 3] Started aggregation…
Attacker: 4 strating malicious aggregaion
[Attacker 4] BIASED_MIX: alpha=0.9.
[CLIENT 5] Started aggregation…
[CLIENT 6] Started aggregation…
[CLIENT 7] Started aggregation…
[CLIENT 8] Started aggregation…
[CLIENT 9] Started aggregation…
ROUND 2 ATTACKER 0: ACC = 0.4747, ASR = 0.8124
ROUND 2 ATTACKER 1: ACC = 0.4306, ASR = 0.8826
ROUND 2 CLIENT 2: ACC = 0.1310, ASR = 0.0011
ROUND 2 CLIENT 3: ACC = 0.1677, ASR = 0.0000
ROUND 2 ATTACKER 4: ACC = 0.4639, ASR = 0.7941
ROUND 2 CLIENT 5: ACC = 0.1269, ASR = 0.6005
ROUND 2 CLIENT 6: ACC = 0.1010, ASR = 0.0000
ROUND 2 CLIENT 7: ACC = 0.1257, ASR = 0.0000
ROUND 2 CLIENT 8: ACC = 0.1785, ASR = 0.0000
ROUND 2 CLIENT 9: ACC = 0.0886, ASR = 0.0000
Round 2: Avg ACC = 0.1314, Min ACC = 0.0886, Max ASR = 0.6005, Attack Active: 1, Time: 57.93s

--- Decentralized Round 3/4 | device cuda:0 ---
Attacker: 0 strating malicious aggregaion
[Attacker 0] BIASED_MIX: alpha=0.9.
Attacker: 1 strating malicious aggregaion
[Attacker 1] BIASED_MIX: alpha=0.9.
[CLIENT 2] Started aggregation…
[CLIENT 3] Started aggregation…
Attacker: 4 strating malicious aggregaion
[Attacker 4] BIASED_MIX: alpha=0.9.
[CLIENT 5] Started aggregation…
[CLIENT 6] Started aggregation…
[CLIENT 7] Started aggregation…
[CLIENT 8] Started aggregation…
[CLIENT 9] Started aggregation…
ROUND 3 ATTACKER 0: ACC = 0.5073, ASR = 0.6086
ROUND 3 ATTACKER 1: ACC = 0.4943, ASR = 0.5708
ROUND 3 CLIENT 2: ACC = 0.1409, ASR = 0.0002
ROUND 3 CLIENT 3: ACC = 0.2388, ASR = 0.0000
ROUND 3 ATTACKER 4: ACC = 0.4722, ASR = 0.6773
ROUND 3 CLIENT 5: ACC = 0.2278, ASR = 0.4401
ROUND 3 CLIENT 6: ACC = 0.1340, ASR = 0.0000
ROUND 3 CLIENT 7: ACC = 0.2808, ASR = 0.0000
ROUND 3 CLIENT 8: ACC = 0.2770, ASR = 0.0000
ROUND 3 CLIENT 9: ACC = 0.0947, ASR = 0.0000
Round 3: Avg ACC = 0.1992, Min ACC = 0.0947, Max ASR = 0.4401, Attack Active: 1, Time: 33.71s

--- Decentralized Round 4/4 | device cuda:0 ---
Attacker: 0 strating malicious aggregaion
[Attacker 0] BIASED_MIX: alpha=0.9.
Attacker: 1 strating malicious aggregaion
[Attacker 1] BIASED_MIX: alpha=0.9.
[CLIENT 2] Started aggregation…
[CLIENT 3] Started aggregation…
Attacker: 4 strating malicious aggregaion
[Attacker 4] BIASED_MIX: alpha=0.9.
[CLIENT 5] Started aggregation…
[CLIENT 6] Started aggregation…
[CLIENT 7] Started aggregation…
[CLIENT 8] Started aggregation…
[CLIENT 9] Started aggregation…
ROUND 4 ATTACKER 0: ACC = 0.5383, ASR = 0.6069
ROUND 4 ATTACKER 1: ACC = 0.5778, ASR = 0.5761
ROUND 4 CLIENT 2: ACC = 0.2316, ASR = 0.2248
ROUND 4 CLIENT 3: ACC = 0.3971, ASR = 0.0000
ROUND 4 ATTACKER 4: ACC = 0.5251, ASR = 0.6910
ROUND 4 CLIENT 5: ACC = 0.3215, ASR = 0.4428
ROUND 4 CLIENT 6: ACC = 0.2649, ASR = 0.0000
ROUND 4 CLIENT 7: ACC = 0.4430, ASR = 0.0000
ROUND 4 CLIENT 8: ACC = 0.4105, ASR = 0.0112
ROUND 4 CLIENT 9: ACC = 0.3865, ASR = 0.0439
Round 4: Avg ACC = 0.3508, Min ACC = 0.2316, Max ASR = 0.4428, Attack Active: 1, Time: 33.43s

--- Training Finished ---
